Log started: 2026-08-10 03:24:23
QZDoom version qzd16.1-0-ge28059304d
W_Init: Init WADfiles.
adding D:/SteamLibrary/steamapps/Common/DooM VR/___Sourceport/qzdoom-16-RC1-Windows-64bit/qzdoom.pk3, 707 lumps
adding D:/SteamLibrary/steamapps/Common/DooM VR/___Sourceport/qzdoom-16-RC1-Windows-64bit/game_support.pk3, 3308 lumps
adding D:/SteamLibrary/steamapps/Common/DooM VR/___Sourceport/doom2.wad, 2919 lumps
adding D:/SteamLibrary/steamapps/Common/DooM VR/___Sourceport/qzdoom-16-RC1-Windows-64bit/game_widescreen_gfx.pk3, 214 lumps
adding E:/RS_Main, 48730 lumps
adding D:/SteamLibrary/steamapps/Common/DooM VR/___Sourceport/qzdoom-16-RC1-Windows-64bit/mods/laser-sight-0.5.5-vr.pk3, 14 lumps
adding D:/SteamLibrary/steamapps/Common/DooM VR/___Sourceport/qzdoom-16-RC1-Windows-64bit/mods/Ultimate-Cheat-Menu.zip, 1 lumps
S_Init: Setting up sound.
I_InitInput
I_StartupMouse
I_StartupKeyboard
I_StartupXInput
I_StartupRawPS2
I_StartupDirectInputJoystick
GL_VENDOR: NVIDIA Corporation
GL_RENDERER: NVIDIA GeForce RTX 3080 Ti/PCIe/SSE2
GL_VERSION: 4.6.0 NVIDIA 610.62 (Core profile)
GL_SHADING_LANGUAGE_VERSION: 4.60 NVIDIA
GL_EXTENSIONS: GL_AMD_multi_draw_indirect GL_AMD_seamless_cubemap_per_texture GL_AMD_vertex_shader_viewport_index GL_AMD_vertex_shader_layer GL_ARB_arrays_of_arrays GL_ARB_base_instance GL_ARB_bindless_texture GL_ARB_blend_func_extended GL_ARB_buffer_storage GL_ARB_clear_buffer_object GL_ARB_clear_texture GL_ARB_clip_control GL_ARB_color_buffer_float GL_ARB_compressed_texture_pixel_storage GL_ARB_conservative_depth GL_ARB_compute_shader GL_ARB_compute_variable_group_size GL_ARB_conditional_render_inverted GL_ARB_copy_buffer GL_ARB_copy_image GL_ARB_cull_distance GL_ARB_debug_output GL_ARB_depth_buffer_float GL_ARB_depth_clamp GL_ARB_depth_texture GL_ARB_derivative_control GL_ARB_direct_state_access GL_ARB_draw_buffers GL_ARB_draw_buffers_blend GL_ARB_draw_indirect GL_ARB_draw_elements_base_vertex GL_ARB_draw_instanced GL_ARB_enhanced_layouts GL_ARB_ES2_compatibility GL_ARB_ES3_compatibility GL_ARB_ES3_1_compatibility GL_ARB_ES3_2_compatibility GL_ARB_explicit_attrib_location GL_ARB_explicit_uniform_location GL_ARB_fragment_coord_conventions GL_ARB_fragment_layer_viewport GL_ARB_fragment_program GL_ARB_fragment_program_shadow GL_ARB_fragment_shader GL_ARB_fragment_shader_interlock GL_ARB_framebuffer_no_attachments GL_ARB_framebuffer_object GL_ARB_framebuffer_sRGB GL_ARB_geometry_shader4 GL_ARB_get_program_binary GL_ARB_get_texture_sub_image GL_ARB_gl_spirv GL_ARB_gpu_shader5 GL_ARB_gpu_shader_fp64 GL_ARB_gpu_shader_int64 GL_ARB_half_float_pixel GL_ARB_half_float_vertex GL_ARB_imaging GL_ARB_indirect_parameters GL_ARB_instanced_arrays GL_ARB_internalformat_query GL_ARB_internalformat_query2 GL_ARB_invalidate_subdata GL_ARB_map_buffer_alignment GL_ARB_map_buffer_range GL_ARB_multi_bind GL_ARB_multi_draw_indirect GL_ARB_multisample GL_ARB_multitexture GL_ARB_occlusion_query GL_ARB_occlusion_query2 GL_ARB_parallel_shader_compile GL_ARB_pipeline_statistics_query GL_ARB_pixel_buffer_object GL_ARB_point_parameters GL_ARB_point_sprite GL_ARB_polygon_offset_clamp GL_ARB_post_depth_coverage GL_ARB_program_interface_query GL_ARB_provoking_vertex GL_ARB_query_buffer_object GL_ARB_robust_buffer_access_behavior GL_ARB_robustness GL_ARB_sample_locations GL_ARB_sample_shading GL_ARB_sampler_objects GL_ARB_seamless_cube_map GL_ARB_seamless_cubemap_per_texture GL_ARB_separate_shader_objects GL_ARB_shader_atomic_counter_ops GL_ARB_shader_atomic_counters GL_ARB_shader_ballot GL_ARB_shader_bit_encoding GL_ARB_shader_clock GL_EXT_shader_realtime_clock GL_ARB_shader_draw_parameters GL_ARB_shader_group_vote GL_ARB_shader_image_load_store GL_ARB_shader_image_size GL_ARB_shader_objects GL_ARB_shader_precision GL_ARB_shader_storage_buffer_object GL_ARB_shader_subroutine GL_ARB_shader_texture_image_samples GL_ARB_shader_texture_lod GL_ARB_shading_language_100 GL_ARB_shader_viewport_layer_array GL_ARB_shading_language_420pack GL_ARB_shading_language_include GL_ARB_shading_language_packing GL_ARB_shadow GL_ARB_sparse_buffer GL_ARB_sparse_texture GL_ARB_sparse_texture2 GL_ARB_sparse_texture_clamp GL_ARB_spirv_extensions GL_ARB_stencil_texturing GL_ARB_sync GL_ARB_tessellation_shader GL_ARB_texture_barrier GL_ARB_texture_border_clamp GL_ARB_texture_buffer_object GL_ARB_texture_buffer_object_rgb32 GL_ARB_texture_buffer_range GL_ARB_texture_compression GL_ARB_texture_compression_bptc GL_ARB_texture_compression_rgtc GL_ARB_texture_cube_map GL_ARB_texture_cube_map_array GL_ARB_texture_env_add GL_ARB_texture_env_combine GL_ARB_texture_env_crossbar GL_ARB_texture_env_dot3 GL_ARB_texture_filter_anisotropic GL_ARB_texture_filter_minmax GL_ARB_texture_float GL_ARB_texture_gather GL_ARB_texture_mirror_clamp_to_edge GL_ARB_texture_mirrored_repeat GL_ARB_texture_multisample GL_ARB_texture_non_power_of_two GL_ARB_texture_query_levels GL_ARB_texture_query_lod GL_ARB_texture_rectangle GL_ARB_texture_rg GL_ARB_texture_rgb10_a2ui GL_ARB_texture_stencil8 GL_ARB_texture_storage GL_ARB_texture_storage_multisample GL_ARB_texture_swizzle GL_ARB_texture_view GL_ARB_timer_query GL_ARB_transform_feedback2 GL_ARB_transform_feedback3 GL_ARB_transform_feedback_instanced GL_ARB_transform_feedback_overflow_query GL_ARB_transpose_matrix GL_ARB_uniform_buffer_object GL_ARB_vertex_array_bgra GL_ARB_vertex_array_object GL_ARB_vertex_attrib_64bit GL_ARB_vertex_attrib_binding GL_ARB_vertex_buffer_object GL_ARB_vertex_program GL_ARB_vertex_shader GL_ARB_vertex_type_10f_11f_11f_rev GL_ARB_vertex_type_2_10_10_10_rev GL_ARB_viewport_array GL_ARB_window_pos GL_ATI_draw_buffers GL_ATI_texture_float GL_ATI_texture_mirror_once GL_S3_s3tc GL_EXT_texture_env_add GL_EXT_abgr GL_EXT_bgra GL_EXT_bindable_uniform GL_EXT_blend_color GL_EXT_blend_equation_separate GL_EXT_blend_func_separate GL_EXT_blend_minmax GL_EXT_blend_subtract GL_EXT_compiled_vertex_array GL_EXT_Cg_shader GL_EXT_depth_bounds_test GL_EXT_direct_state_access GL_EXT_draw_buffers2 GL_EXT_draw_instanced GL_EXT_draw_range_elements GL_EXT_fog_coord GL_EXT_framebuffer_blit GL_EXT_framebuffer_multisample GL_EXTX_framebuffer_mixed_formats GL_EXT_framebuffer_multisample_blit_scaled GL_EXT_framebuffer_object GL_EXT_framebuffer_sRGB GL_EXT_geometry_shader4 GL_EXT_gpu_program_parameters GL_EXT_gpu_shader4 GL_EXT_multi_draw_arrays GL_EXT_multiview_texture_multisample GL_EXT_multiview_timer_query GL_EXT_packed_depth_stencil GL_EXT_packed_float GL_EXT_packed_pixels GL_EXT_pixel_buffer_object GL_EXT_point_parameters GL_EXT_polygon_offset_clamp GL_EXT_post_depth_coverage GL_EXT_provoking_vertex GL_EXT_raster_multisample GL_EXT_rescale_normal GL_EXT_secondary_color GL_EXT_separate_shader_objects GL_EXT_separate_specular_color GL_EXT_shader_image_load_formatted GL_EXT_shader_image_load_store GL_EXT_shader_integer_mix GL_EXT_shadow_funcs GL_EXT_sparse_texture2 GL_EXT_stencil_two_side GL_EXT_stencil_wrap GL_EXT_texture3D GL_EXT_texture_array GL_EXT_texture_buffer_object GL_EXT_texture_compression_dxt1 GL_EXT_texture_compression_latc GL_EXT_texture_compression_rgtc GL_EXT_texture_compression_s3tc GL_EXT_texture_cube_map GL_EXT_texture_edge_clamp GL_EXT_texture_env_combine GL_EXT_texture_env_dot3 GL_EXT_texture_filter_anisotropic GL_EXT_texture_filter_minmax GL_EXT_texture_integer GL_EXT_texture_lod GL_EXT_texture_lod_bias GL_EXT_texture_mirror_clamp GL_EXT_texture_object GL_EXT_texture_shadow_lod GL_EXT_texture_shared_exponent GL_EXT_texture_sRGB GL_EXT_texture_sRGB_R8 GL_EXT_texture_sRGB_decode GL_EXT_texture_storage GL_EXT_texture_swizzle GL_EXT_timer_query GL_EXT_transform_feedback2 GL_EXT_vertex_array GL_EXT_vertex_array_bgra GL_EXT_vertex_attrib_64bit GL_EXT_window_rectangles GL_EXT_import_sync_object GL_IBM_rasterpos_clip GL_IBM_texture_mirrored_repeat GL_KHR_context_flush_control GL_KHR_debug GL_EXT_memory_object GL_EXT_memory_object_win32 GL_NV_memory_object_sparse GL_EXT_win32_keyed_mutex GL_KHR_parallel_shader_compile GL_KHR_no_error GL_KHR_robust_buffer_access_behavior GL_KHR_robustness GL_EXT_semaphore GL_EXT_semaphore_win32 GL_NV_timeline_semaphore GL_KHR_shader_subgroup GL_KTX_buffer_region GL_NV_alpha_to_coverage_dither_control GL_NV_bindless_multi_draw_indirect GL_NV_bindless_multi_draw_indirect_count GL_NV_bindless_texture GL_NV_blend_equation_advanced GL_NV_blend_equation_advanced_coherent GL_NVX_blend_equation_advanced_multi_draw_buffers GL_NV_blend_minmax_factor GL_NV_blend_square GL_NV_clip_space_w_scaling GL_NV_command_list GL_NV_compute_program5 GL_NV_compute_shader_derivatives GL_NV_conditional_render GL_NV_conservative_raster GL_NV_conservative_raster_dilate GL_NV_conservative_raster_pre_snap GL_NV_conservative_raster_pre_snap_triangles GL_NV_conservative_raster_underestimation GL_NV_copy_depth_to_color GL_NV_copy_image GL_NV_depth_buffer_float GL_NV_depth_clamp GL_NV_draw_texture GL_NV_draw_vulkan_image GL_NV_ES1_1_compatibility GL_NV_ES3_1_compatibility GL_NV_explicit_multisample GL_NV_feature_query GL_NV_fence GL_NV_fill_rectangle GL_NV_float_buffer GL_NV_fog_distance GL_NV_fragment_coverage_to_color GL_NV_fragment_program GL_NV_fragment_program_option GL_NV_fragment_program2 GL_NV_fragment_shader_barycentric GL_NV_fragment_shader_interlock GL_NV_framebuffer_mixed_samples GL_NV_framebuffer_multisample_coverage GL_NV_geometry_shader4 GL_NV_geometry_shader_passthrough GL_NV_gpu_program4 GL_NV_internalformat_sample_query GL_NV_gpu_program4_1 GL_NV_gpu_program5 GL_NV_gpu_program5_mem_extended GL_NV_gpu_program_fp64 GL_NV_gpu_program_multiview GL_NV_gpu_shader5 GL_NV_half_float GL_NV_light_max_exponent GL_NV_memory_attachment GL_NV_mesh_shader GL_NV_multisample_coverage GL_NV_multisample_filter_hint GL_NV_occlusion_query GL_NV_packed_depth_stencil GL_NV_parameter_buffer_object GL_NV_parameter_buffer_object2 GL_NV_path_rendering GL_NV_path_rendering_shared_edge GL_NV_pixel_data_range GL_NV_point_sprite GL_NV_primitive_restart GL_NV_primitive_shading_rate GL_NV_query_resource GL_NV_query_resource_tag GL_NV_register_combiners GL_NV_register_combiners2 GL_NV_representative_fragment_test GL_NV_sample_locations GL_NV_sample_mask_override_coverage GL_NV_scissor_exclusive GL_NV_shader_atomic_counters GL_NV_shader_atomic_float GL_NV_shader_atomic_float64 GL_NV_shader_atomic_fp16_vector GL_NV_shader_atomic_int64 GL_NV_shader_buffer_load GL_NV_shader_storage_buffer_object GL_NV_shader_subgroup_partitioned GL_NV_shader_texture_footprint GL_NV_shading_rate_image GL_NV_stereo_view_rendering GL_NV_texgen_reflection GL_NV_texture_barrier GL_NV_texture_compression_vtc GL_NV_texture_dirty_tile_map GL_NV_texture_env_combine4 GL_NV_texture_multisample GL_NV_texture_rectangle GL_NV_texture_rectangle_compressed GL_NV_texture_shader GL_NV_texture_shader2 GL_NV_texture_shader3 GL_NV_transform_feedback GL_NV_transform_feedback2 GL_NV_uniform_buffer_unified_memory GL_NV_uniform_buffer_std430_layout GL_NV_vertex_array_range GL_NV_vertex_array_range2 GL_NV_vertex_attrib_integer_64bit GL_NV_vertex_buffer_unified_memory GL_NV_vertex_program GL_NV_vertex_program1_1 GL_NV_vertex_program2 GL_NV_vertex_program2_option GL_NV_vertex_program3 GL_NV_viewport_array2 GL_NV_viewport_swizzle GL_NVX_conditional_render GL_NVX_linked_gpu_multicast GL_NV_gpu_multicast GL_NVX_gpu_multicast2 GL_NVX_progress_fence GL_NVX_gpu_memory_info GL_NVX_multigpu_info GL_NVX_nvenc_interop GL_NV_shader_thread_group GL_NV_shader_thread_shuffle GL_KHR_blend_equation_advanced GL_KHR_blend_equation_advanced_coherent GL_OVR_multiview GL_OVR_multiview2 GL_SGIS_generate_mipmap GL_SGIS_texture_lod GL_SGIX_depth_texture GL_SGIX_shadow GL_SUN_slice_accum GL_WIN_swap_hint WGL_EXT_swap_control
Max. texture size: 32768
Max. texture units: 32
Max. varying: 124
Max. combined shader storage blocks: 96
Max. vertex shader storage blocks: 16
Resolution: 3440 x 1440
I_Init: Setting up machine state.
CPU speed: 3600 MHz
CPU Vendor ID: GenuineIntel
  Name: Intel(R) Core(TM) i9-9900KF CPU @ 3.60GHz
  Family 6, Model 158, Stepping 13
  Features: SSE2 SSE3 SSSE3 SSE4.1 SSE4.2 AVX AVX2 F16C FMA3 BMI1 BMI2 HyperThreading
V_Init: allocate screen.
ST_Init: Init startup screen.
Checking cmd-line parameters...
S_InitData: Load sound definitions.
G_ParseMapInfo: Load map definitions.
Texman.Init: Init texture manager.
ParseTeamInfo: Load team definitions.
LoadActors: Load actor definitions.
E:/RS_Main/:zscript/monsters/zombieman/rs_zombieman.zs, line 428: Deprecated flag 'MISSILEMORE' used, deprecated since 4.13.0
E:/RS_Main/:zscript/monsters/zombieman/rs_zombieman.zs, line 527: Deprecated flag 'MISSILEMORE' used, deprecated since 4.13.0
E:/RS_Main/:zscript/monsters/zombieman/rs_zombieman.zs, line 655: Deprecated flag 'MISSILEMORE' used, deprecated since 4.13.0
E:/RS_Main/:zscript/monsters/zombieman/rs_zombieman.zs, line 1059: Deprecated flag 'MISSILEMORE' used, deprecated since 4.13.0
E:/RS_Main/:zscript/monsters/zombieman/rs_zombieman.zs, line 1186: Deprecated flag 'MISSILEMORE' used, deprecated since 4.13.0
E:/RS_Main/:zscript/monsters/zombieman/rs_zombieman.zs, line 1333: Deprecated flag 'MISSILEMORE' used, deprecated since 4.13.0
E:/RS_Main/:zscript/monsters/zombieman/rs_zombieman.zs, line 1507: Deprecated flag 'MISSILEMORE' used, deprecated since 4.13.0
E:/RS_Main/:zscript/monsters/zombieman/rs_zombieman.zs, line 1850: Deprecated flag 'MISSILEMORE' used, deprecated since 4.13.0
E:/RS_Main/:zscript/monsters/zombieman/rs_zombieman.zs, line 2065: Deprecated flag 'MISSILEMORE' used, deprecated since 4.13.0
E:/RS_Main/:zscript/monsters/zombieman/rs_zombieman.zs, line 2459: Deprecated flag 'MISSILEMORE' used, deprecated since 4.13.0
E:/RS_Main/:zscript/monsters/shotgunner/rs_shotgunnerfx.zs, line 967: Deprecated flag 'MISSILEMORE' used, deprecated since 4.13.0
E:/RS_Main/:zscript/monsters/shotgunner/rs_shotgunnerfx.zs, line 968: Deprecated flag 'MISSILEEVENMORE' used, deprecated since 4.13.0
E:/RS_Main/:zscript/monsters/shotgunner/rs_shotgunner.zs, line 361: Deprecated flag 'MISSILEMORE' used, deprecated since 4.13.0
E:/RS_Main/:zscript/monsters/shotgunner/rs_shotgunner.zs, line 494: Deprecated flag 'MISSILEMORE' used, deprecated since 4.13.0
E:/RS_Main/:zscript/monsters/shotgunner/rs_shotgunner.zs, line 626: Deprecated flag 'MISSILEMORE' used, deprecated since 4.13.0
E:/RS_Main/:zscript/monsters/shotgunner/rs_shotgunner.zs, line 745: Deprecated flag 'MISSILEMORE' used, deprecated since 4.13.0
E:/RS_Main/:zscript/monsters/shotgunner/rs_shotgunner.zs, line 1293: Deprecated flag 'MISSILEMORE' used, deprecated since 4.13.0
E:/RS_Main/:zscript/monsters/shotgunner/rs_shotgunner.zs, line 1435: Deprecated flag 'MISSILEMORE' used, deprecated since 4.13.0
E:/RS_Main/:zscript/monsters/shotgunner/rs_shotgunner.zs, line 1564: Deprecated flag 'MISSILEMORE' used, deprecated since 4.13.0
E:/RS_Main/:zscript/monsters/shotgunner/rs_shotgunner.zs, line 1700: Deprecated flag 'MISSILEMORE' used, deprecated since 4.13.0
E:/RS_Main/:zscript/monsters/shotgunner/rs_shotgunner.zs, line 1951: Deprecated flag 'MISSILEMORE' used, deprecated since 4.13.0
E:/RS_Main/:zscript/monsters/shotgunner/rs_shotgunner.zs, line 1952: Deprecated flag 'MISSILEEVENMORE' used, deprecated since 4.13.0
E:/RS_Main/:zscript/monsters/shotgunner/rs_shotgunner.zs, line 2085: Deprecated flag 'MISSILEMORE' used, deprecated since 4.13.0
E:/RS_Main/:zscript/monsters/shotgunner/rs_shotgunner.zs, line 2086: Deprecated flag 'MISSILEEVENMORE' used, deprecated since 4.13.0
E:/RS_Main/:zscript/monsters/chaingunner/rs_chaingunnerfx.zs, line 1228: Deprecated flag 'MISSILEMORE' used, deprecated since 4.13.0
E:/RS_Main/:zscript/monsters/chaingunner/rs_chaingunnerfx.zs, line 1229: Deprecated flag 'SHORTMISSILERANGE' used, deprecated since 4.13.0
E:/RS_Main/:zscript/monsters/chaingunner/rs_chaingunnerfx.zs, line 1292: Deprecated flag 'MISSILEMORE' used, deprecated since 4.13.0
E:/RS_Main/:zscript/monsters/chaingunner/rs_chaingunnerfx.zs, line 1293: Deprecated flag 'MISSILEEVENMORE' used, deprecated since 4.13.0
E:/RS_Main/:zscript/monsters/chaingunner/rs_chaingunnerfx.zs, line 1368: Deprecated flag 'MISSILEMORE' used, deprecated since 4.13.0
E:/RS_Main/:zscript/monsters/chaingunner/rs_chaingunnerfx.zs, line 1369: Deprecated flag 'MISSILEEVENMORE' used, deprecated since 4.13.0
E:/RS_Main/:zscript/monsters/chaingunner/rs_chaingunner.zs, line 216: Deprecated flag 'MISSILEMORE' used, deprecated since 4.13.0
E:/RS_Main/:zscript/monsters/chaingunner/rs_chaingunner.zs, line 359: Deprecated flag 'MISSILEMORE' used, deprecated since 4.13.0
E:/RS_Main/:zscript/monsters/chaingunner/rs_chaingunner.zs, line 504: Deprecated flag 'MISSILEMORE' used, deprecated since 4.13.0
E:/RS_Main/:zscript/monsters/chaingunner/rs_chaingunner.zs, line 505: Deprecated flag 'MISSILEEVENMORE' used, deprecated since 4.13.0
E:/RS_Main/:zscript/monsters/chaingunner/rs_chaingunner.zs, line 629: Deprecated flag 'MISSILEMORE' used, deprecated since 4.13.0
E:/RS_Main/:zscript/monsters/chaingunner/rs_chaingunner.zs, line 630: Deprecated flag 'MISSILEEVENMORE' used, deprecated since 4.13.0
E:/RS_Main/:zscript/monsters/chaingunner/rs_chaingunner.zs, line 778: Deprecated flag 'MISSILEMORE' used, deprecated since 4.13.0
E:/RS_Main/:zscript/monsters/chaingunner/rs_chaingunner.zs, line 1343: Deprecated flag 'MISSILEMORE' used, deprecated since 4.13.0
E:/RS_Main/:zscript/monsters/chaingunner/rs_chaingunner.zs, line 1344: Deprecated flag 'MISSILEEVENMORE' used, deprecated since 4.13.0
E:/RS_Main/:zscript/monsters/chaingunner/rs_chaingunner.zs, line 1522: Deprecated flag 'MISSILEMORE' used, deprecated since 4.13.0
E:/RS_Main/:zscript/monsters/chaingunner/rs_chaingunner.zs, line 1654: Deprecated flag 'MISSILEMORE' used, deprecated since 4.13.0
E:/RS_Main/:zscript/monsters/chaingunner/rs_chaingunner.zs, line 1797: Deprecated flag 'MISSILEMORE' used, deprecated since 4.13.0
E:/RS_Main/:zscript/monsters/chaingunner/rs_chaingunner.zs, line 1909: Deprecated flag 'MISSILEMORE' used, deprecated since 4.13.0
E:/RS_Main/:zscript/monsters/imp/rs_imp.zs, line 218: Deprecated flag 'MISSILEMORE' used, deprecated since 4.13.0
E:/RS_Main/:zscript/monsters/imp/rs_imp.zs, line 373: Deprecated flag 'MISSILEMORE' used, deprecated since 4.13.0
E:/RS_Main/:zscript/monsters/imp/rs_imp.zs, line 536: Deprecated flag 'MISSILEMORE' used, deprecated since 4.13.0
E:/RS_Main/:zscript/monsters/imp/rs_imp.zs, line 664: Deprecated flag 'MISSILEMORE' used, deprecated since 4.13.0
E:/RS_Main/:zscript/monsters/imp/rs_imp.zs, line 779: Deprecated flag 'MISSILEMORE' used, deprecated since 4.13.0
E:/RS_Main/:zscript/monsters/imp/rs_imp.zs, line 1092: Deprecated flag 'MISSILEMORE' used, deprecated since 4.13.0
E:/RS_Main/:zscript/monsters/imp/rs_imp.zs, line 1207: Deprecated flag 'MISSILEMORE' used, deprecated since 4.13.0
E:/RS_Main/:zscript/monsters/imp/rs_imp.zs, line 1331: Deprecated flag 'MISSILEMORE' used, deprecated since 4.13.0
E:/RS_Main/:zscript/monsters/imp/rs_imp.zs, line 1458: Deprecated flag 'MISSILEMORE' used, deprecated since 4.13.0
E:/RS_Main/:zscript/monsters/imp/rs_imp.zs, line 1586: Deprecated flag 'MISSILEMORE' used, deprecated since 4.13.0
E:/RS_Main/:zscript/monsters/imp/rs_imp.zs, line 1587: Deprecated flag 'MISSILEEVENMORE' used, deprecated since 4.13.0
E:/RS_Main/:zscript/monsters/imp/rs_imp.zs, line 1766: Deprecated flag 'MISSILEMORE' used, deprecated since 4.13.0
E:/RS_Main/:zscript/monsters/imp/rs_imp.zs, line 1767: Deprecated flag 'MISSILEEVENMORE' used, deprecated since 4.13.0
E:/RS_Main/:zscript/monsters/imp/rs_imp.zs, line 1908: Deprecated flag 'MISSILEMORE' used, deprecated since 4.13.0
E:/RS_Main/:zscript/monsters/imp/rs_imp.zs, line 1947: Deprecated flag 'MISSILEMORE' used, deprecated since 4.13.0
E:/RS_Main/:zscript/monsters/imp/rs_imp.zs, line 1986: Deprecated flag 'MISSILEMORE' used, deprecated since 4.13.0
E:/RS_Main/:zscript/monsters/imp/rs_imp.zs, line 2025: Deprecated flag 'MISSILEMORE' used, deprecated since 4.13.0
E:/RS_Main/:zscript/monsters/imp/rs_imp.zs, line 2064: Deprecated flag 'MISSILEMORE' used, deprecated since 4.13.0
E:/RS_Main/:zscript/monsters/imp/rs_imp.zs, line 2117: Deprecated flag 'MISSILEMORE' used, deprecated since 4.13.0
E:/RS_Main/:zscript/monsters/imp/rs_imp.zs, line 2118: Deprecated flag 'MISSILEEVENMORE' used, deprecated since 4.13.0
E:/RS_Main/:zscript/monsters/demon/rs_demon.zs, line 493: Deprecated flag 'MISSILEMORE' used, deprecated since 4.13.0
E:/RS_Main/:zscript/monsters/demon/rs_demon.zs, line 494: Deprecated flag 'MISSILEEVENMORE' used, deprecated since 4.13.0
E:/RS_Main/:zscript/monsters/demon/rs_demon.zs, line 871: Deprecated flag 'MISSILEMORE' used, deprecated since 4.13.0
E:/RS_Main/:zscript/monsters/demon/rs_demon.zs, line 872: Deprecated flag 'SHORTMISSILERANGE' used, deprecated since 4.13.0
E:/RS_Main/:zscript/monsters/demon/rs_demon.zs, line 1668: Deprecated flag 'MISSILEMORE' used, deprecated since 4.13.0
E:/RS_Main/:zscript/monsters/demon/rs_demon.zs, line 1902: Deprecated flag 'MISSILEMORE' used, deprecated since 4.13.0
E:/RS_Main/:zscript/monsters/spectre/rs_spectre.zs, line 1335: Deprecated flag 'MISSILEMORE' used, deprecated since 4.13.0
E:/RS_Main/:zscript/monsters/cacodemon/rs_cacodemonfx.zs, line 1236: Deprecated flag 'MISSILEMORE' used, deprecated since 4.13.0
E:/RS_Main/:zscript/monsters/cacodemon/rs_cacodemonfx.zs, line 1237: Deprecated flag 'MISSILEEVENMORE' used, deprecated since 4.13.0
E:/RS_Main/:zscript/monsters/cacodemon/rs_cacodemon.zs, line 232: Deprecated flag 'MISSILEMORE' used, deprecated since 4.13.0
E:/RS_Main/:zscript/monsters/cacodemon/rs_cacodemon.zs, line 359: Deprecated flag 'MISSILEMORE' used, deprecated since 4.13.0
E:/RS_Main/:zscript/monsters/cacodemon/rs_cacodemon.zs, line 490: Deprecated flag 'MISSILEMORE' used, deprecated since 4.13.0
E:/RS_Main/:zscript/monsters/cacodemon/rs_cacodemon.zs, line 629: Deprecated flag 'MISSILEMORE' used, deprecated since 4.13.0
E:/RS_Main/:zscript/monsters/cacodemon/rs_cacodemon.zs, line 742: Deprecated flag 'MISSILEEVENMORE' used, deprecated since 4.13.0
E:/RS_Main/:zscript/monsters/cacodemon/rs_cacodemon.zs, line 743: Deprecated flag 'MISSILEMORE' used, deprecated since 4.13.0
E:/RS_Main/:zscript/monsters/cacodemon/rs_cacodemon.zs, line 1046: Deprecated flag 'MISSILEMORE' used, deprecated since 4.13.0
E:/RS_Main/:zscript/monsters/cacodemon/rs_cacodemon.zs, line 1162: Deprecated flag 'MISSILEMORE' used, deprecated since 4.13.0
E:/RS_Main/:zscript/monsters/cacodemon/rs_cacodemon.zs, line 1294: Deprecated flag 'MISSILEMORE' used, deprecated since 4.13.0
E:/RS_Main/:zscript/monsters/cacodemon/rs_cacodemon.zs, line 1441: Deprecated flag 'MISSILEMORE' used, deprecated since 4.13.0
E:/RS_Main/:zscript/monsters/cacodemon/rs_cacodemon.zs, line 1593: Deprecated flag 'MISSILEMORE' used, deprecated since 4.13.0
E:/RS_Main/:zscript/monsters/cacodemon/rs_cacodemon.zs, line 1778: Deprecated flag 'MISSILEMORE' used, deprecated since 4.13.0
E:/RS_Main/:zscript/monsters/cacodemon/rs_cacodemon.zs, line 2005: Deprecated flag 'MISSILEMORE' used, deprecated since 4.13.0
E:/RS_Main/:zscript/monsters/cacodemon/rs_cacodemon.zs, line 2176: Deprecated flag 'MISSILEMORE' used, deprecated since 4.13.0
E:/RS_Main/:zscript/monsters/lostsoul/rs_lostsoulfx.zs, line 832: Deprecated flag 'MISSILEMORE' used, deprecated since 4.13.0
E:/RS_Main/:zscript/monsters/lostsoul/rs_lostsoulfx.zs, line 833: Deprecated flag 'MISSILEEVENMORE' used, deprecated since 4.13.0
E:/RS_Main/:zscript/monsters/lostsoul/rs_lostsoulfx.zs, line 1866: Deprecated flag 'MISSILEMORE' used, deprecated since 4.13.0
E:/RS_Main/:zscript/monsters/lostsoul/rs_lostsoulfx.zs, line 1867: Deprecated flag 'MISSILEEVENMORE' used, deprecated since 4.13.0
E:/RS_Main/:zscript/monsters/lostsoul/rs_lostsoul.zs, line 249: Deprecated flag 'MISSILEMORE' used, deprecated since 4.13.0
E:/RS_Main/:zscript/monsters/lostsoul/rs_lostsoul.zs, line 250: Deprecated flag 'MISSILEEVENMORE' used, deprecated since 4.13.0
E:/RS_Main/:zscript/monsters/lostsoul/rs_lostsoul.zs, line 349: Deprecated flag 'MISSILEMORE' used, deprecated since 4.13.0
E:/RS_Main/:zscript/monsters/lostsoul/rs_lostsoul.zs, line 350: Deprecated flag 'MISSILEEVENMORE' used, deprecated since 4.13.0
E:/RS_Main/:zscript/monsters/lostsoul/rs_lostsoul.zs, line 441: Deprecated flag 'MISSILEMORE' used, deprecated since 4.13.0
E:/RS_Main/:zscript/monsters/lostsoul/rs_lostsoul.zs, line 442: Deprecated flag 'MISSILEEVENMORE' used, deprecated since 4.13.0
E:/RS_Main/:zscript/monsters/lostsoul/rs_lostsoul.zs, line 630: Deprecated flag 'MISSILEMORE' used, deprecated since 4.13.0
E:/RS_Main/:zscript/monsters/lostsoul/rs_lostsoul.zs, line 631: Deprecated flag 'MISSILEEVENMORE' used, deprecated since 4.13.0
E:/RS_Main/:zscript/monsters/lostsoul/rs_lostsoul.zs, line 712: Deprecated flag 'MISSILEMORE' used, deprecated since 4.13.0
E:/RS_Main/:zscript/monsters/lostsoul/rs_lostsoul.zs, line 713: Deprecated flag 'MISSILEEVENMORE' used, deprecated since 4.13.0
E:/RS_Main/:zscript/monsters/lostsoul/rs_lostsoul.zs, line 781: Deprecated flag 'MISSILEMORE' used, deprecated since 4.13.0
E:/RS_Main/:zscript/monsters/lostsoul/rs_lostsoul.zs, line 782: Deprecated flag 'MISSILEEVENMORE' used, deprecated since 4.13.0
E:/RS_Main/:zscript/monsters/lostsoul/rs_lostsoul.zs, line 835: Deprecated flag 'MISSILEMORE' used, deprecated since 4.13.0
E:/RS_Main/:zscript/monsters/lostsoul/rs_lostsoul.zs, line 836: Deprecated flag 'MISSILEEVENMORE' used, deprecated since 4.13.0
E:/RS_Main/:zscript/monsters/lostsoul/rs_lostsoul.zs, line 909: Deprecated flag 'MISSILEMORE' used, deprecated since 4.13.0
E:/RS_Main/:zscript/monsters/lostsoul/rs_lostsoul.zs, line 910: Deprecated flag 'MISSILEEVENMORE' used, deprecated since 4.13.0
E:/RS_Main/:zscript/monsters/lostsoul/rs_lostsoul.zs, line 997: Deprecated flag 'MISSILEMORE' used, deprecated since 4.13.0
E:/RS_Main/:zscript/monsters/lostsoul/rs_lostsoul.zs, line 998: Deprecated flag 'MISSILEEVENMORE' used, deprecated since 4.13.0
E:/RS_Main/:zscript/monsters/lostsoul/rs_lostsoul.zs, line 1170: Deprecated flag 'MISSILEEVENMORE' used, deprecated since 4.13.0
E:/RS_Main/:zscript/monsters/lostsoul/rs_lostsoul.zs, line 1171: Deprecated flag 'MISSILEMORE' used, deprecated since 4.13.0
E:/RS_Main/:zscript/monsters/lostsoul/rs_lostsoul.zs, line 1290: Deprecated flag 'MISSILEMORE' used, deprecated since 4.13.0
E:/RS_Main/:zscript/monsters/lostsoul/rs_lostsoul.zs, line 1413: Deprecated flag 'MISSILEMORE' used, deprecated since 4.13.0
E:/RS_Main/:zscript/monsters/lostsoul/rs_lostsoul.zs, line 1720: Deprecated flag 'MISSILEMORE' used, deprecated since 4.13.0
E:/RS_Main/:zscript/monsters/lostsoul/rs_lostsoul.zs, line 1934: Deprecated flag 'MISSILEMORE' used, deprecated since 4.13.0
E:/RS_Main/:zscript/monsters/painelemental/rs_painelementalfx.zs, line 767: Deprecated flag 'MISSILEMORE' used, deprecated since 4.13.0
E:/RS_Main/:zscript/monsters/painelemental/rs_painelementalfx.zs, line 770: Deprecated flag 'MISSILEEVENMORE' used, deprecated since 4.13.0
E:/RS_Main/:zscript/monsters/painelemental/rs_painelementalfx.zs, line 1855: Deprecated flag 'MISSILEMORE' used, deprecated since 4.13.0
E:/RS_Main/:zscript/monsters/painelemental/rs_painelemental.zs, line 215: Deprecated flag 'MISSILEMORE' used, deprecated since 4.13.0
E:/RS_Main/:zscript/monsters/painelemental/rs_painelemental.zs, line 368: Deprecated flag 'MISSILEMORE' used, deprecated since 4.13.0
E:/RS_Main/:zscript/monsters/painelemental/rs_painelemental.zs, line 476: Deprecated flag 'MISSILEEVENMORE' used, deprecated since 4.13.0
E:/RS_Main/:zscript/monsters/painelemental/rs_painelemental.zs, line 477: Deprecated flag 'MISSILEMORE' used, deprecated since 4.13.0
E:/RS_Main/:zscript/monsters/painelemental/rs_painelemental.zs, line 736: Deprecated flag 'MISSILEEVENMORE' used, deprecated since 4.13.0
E:/RS_Main/:zscript/monsters/painelemental/rs_painelemental.zs, line 737: Deprecated flag 'MISSILEMORE' used, deprecated since 4.13.0
E:/RS_Main/:zscript/monsters/painelemental/rs_painelemental.zs, line 1194: Deprecated flag 'MISSILEMORE' used, deprecated since 4.13.0
E:/RS_Main/:zscript/monsters/painelemental/rs_painelemental.zs, line 1279: Deprecated flag 'MISSILEMORE' used, deprecated since 4.13.0
E:/RS_Main/:zscript/monsters/painelemental/rs_painelemental.zs, line 1280: Deprecated flag 'MISSILEEVENMORE' used, deprecated since 4.13.0
E:/RS_Main/:zscript/monsters/painelemental/rs_painelemental.zs, line 1406: Deprecated flag 'MISSILEEVENMORE' used, deprecated since 4.13.0
E:/RS_Main/:zscript/monsters/hellknight/rs_hellknightfx.zs, line 633: Deprecated flag 'MISSILEMORE' used, deprecated since 4.13.0
E:/RS_Main/:zscript/monsters/hellknight/rs_hellknight.zs, line 257: Deprecated flag 'MISSILEMORE' used, deprecated since 4.13.0
E:/RS_Main/:zscript/monsters/hellknight/rs_hellknight.zs, line 391: Deprecated flag 'MISSILEMORE' used, deprecated since 4.13.0
E:/RS_Main/:zscript/monsters/hellknight/rs_hellknight.zs, line 392: Deprecated flag 'MISSILEEVENMORE' used, deprecated since 4.13.0
E:/RS_Main/:zscript/monsters/hellknight/rs_hellknight.zs, line 552: Deprecated flag 'MISSILEMORE' used, deprecated since 4.13.0
E:/RS_Main/:zscript/monsters/hellknight/rs_hellknight.zs, line 723: Deprecated flag 'MISSILEMORE' used, deprecated since 4.13.0
E:/RS_Main/:zscript/monsters/hellknight/rs_hellknight.zs, line 834: Deprecated flag 'MISSILEMORE' used, deprecated since 4.13.0
E:/RS_Main/:zscript/monsters/hellknight/rs_hellknight.zs, line 1162: Deprecated flag 'MISSILEMORE' used, deprecated since 4.13.0
E:/RS_Main/:zscript/monsters/hellknight/rs_hellknight.zs, line 1280: Deprecated flag 'MISSILEMORE' used, deprecated since 4.13.0
E:/RS_Main/:zscript/monsters/hellknight/rs_hellknight.zs, line 1411: Deprecated flag 'MISSILEMORE' used, deprecated since 4.13.0
E:/RS_Main/:zscript/monsters/hellknight/rs_hellknight.zs, line 1535: Deprecated flag 'MISSILEMORE' used, deprecated since 4.13.0
E:/RS_Main/:zscript/monsters/hellknight/rs_hellknight.zs, line 1715: Deprecated flag 'MISSILEMORE' used, deprecated since 4.13.0
E:/RS_Main/:zscript/monsters/hellknight/rs_hellknight.zs, line 1893: Deprecated flag 'MISSILEMORE' used, deprecated since 4.13.0
E:/RS_Main/:zscript/monsters/hellknight/rs_hellknight.zs, line 2202: Deprecated flag 'MISSILEMORE' used, deprecated since 4.13.0
E:/RS_Main/:zscript/monsters/baron/rs_baron.zs, line 257: Deprecated flag 'MISSILEMORE' used, deprecated since 4.13.0
E:/RS_Main/:zscript/monsters/baron/rs_baron.zs, line 381: Deprecated flag 'MISSILEMORE' used, deprecated since 4.13.0
E:/RS_Main/:zscript/monsters/baron/rs_baron.zs, line 652: Deprecated flag 'MISSILEMORE' used, deprecated since 4.13.0
E:/RS_Main/:zscript/monsters/baron/rs_baron.zs, line 653: Deprecated flag 'MISSILEEVENMORE' used, deprecated since 4.13.0
E:/RS_Main/:zscript/monsters/baron/rs_baron.zs, line 844: Deprecated flag 'MISSILEMORE' used, deprecated since 4.13.0
E:/RS_Main/:zscript/monsters/baron/rs_baron.zs, line 845: Deprecated flag 'MISSILEEVENMORE' used, deprecated since 4.13.0
E:/RS_Main/:zscript/monsters/baron/rs_baron.zs, line 987: Deprecated flag 'MISSILEMORE' used, deprecated since 4.13.0
E:/RS_Main/:zscript/monsters/baron/rs_baron.zs, line 1226: Deprecated flag 'MISSILEMORE' used, deprecated since 4.13.0
E:/RS_Main/:zscript/monsters/baron/rs_baron.zs, line 1358: Deprecated flag 'MISSILEMORE' used, deprecated since 4.13.0
E:/RS_Main/:zscript/monsters/baron/rs_baron.zs, line 1481: Deprecated flag 'MISSILEMORE' used, deprecated since 4.13.0
E:/RS_Main/:zscript/monsters/baron/rs_baron.zs, line 1624: Deprecated flag 'MISSILEMORE' used, deprecated since 4.13.0
E:/RS_Main/:zscript/monsters/baron/rs_baron.zs, line 1777: Deprecated flag 'MISSILEMORE' used, deprecated since 4.13.0
E:/RS_Main/:zscript/monsters/baron/rs_baron.zs, line 1939: Deprecated flag 'MISSILEMORE' used, deprecated since 4.13.0
E:/RS_Main/:zscript/monsters/baron/rs_baron.zs, line 2091: Deprecated flag 'MISSILEMORE' used, deprecated since 4.13.0
E:/RS_Main/:zscript/monsters/baron/rs_baron.zs, line 2279: Deprecated flag 'MISSILEMORE' used, deprecated since 4.13.0
E:/RS_Main/:zscript/monsters/baron/rs_baron.zs, line 2451: Deprecated flag 'MISSILEEVENMORE' used, deprecated since 4.13.0
E:/RS_Main/:zscript/monsters/baron/rs_baron.zs, line 2677: Deprecated flag 'MISSILEMORE' used, deprecated since 4.13.0
E:/RS_Main/:zscript/monsters/baron/rs_baron.zs, line 2678: Deprecated flag 'MISSILEEVENMORE' used, deprecated since 4.13.0
E:/RS_Main/:zscript/monsters/revenant/rs_revenant.zs, line 235: Deprecated flag 'MISSILEMORE' used, deprecated since 4.13.0
E:/RS_Main/:zscript/monsters/revenant/rs_revenant.zs, line 236: Deprecated flag 'MISSILEEVENMORE' used, deprecated since 4.13.0
E:/RS_Main/:zscript/monsters/revenant/rs_revenant.zs, line 352: Deprecated flag 'MISSILEMORE' used, deprecated since 4.13.0
E:/RS_Main/:zscript/monsters/revenant/rs_revenant.zs, line 353: Deprecated flag 'MISSILEEVENMORE' used, deprecated since 4.13.0
E:/RS_Main/:zscript/monsters/revenant/rs_revenant.zs, line 490: Deprecated flag 'MISSILEMORE' used, deprecated since 4.13.0
E:/RS_Main/:zscript/monsters/revenant/rs_revenant.zs, line 634: Deprecated flag 'MISSILEMORE' used, deprecated since 4.13.0
E:/RS_Main/:zscript/monsters/revenant/rs_revenant.zs, line 640: Deprecated flag 'MISSILEEVENMORE' used, deprecated since 4.13.0
E:/RS_Main/:zscript/monsters/revenant/rs_revenant.zs, line 777: Deprecated flag 'MISSILEMORE' used, deprecated since 4.13.0
E:/RS_Main/:zscript/monsters/revenant/rs_revenant.zs, line 898: Deprecated flag 'MISSILEMORE' used, deprecated since 4.13.0
E:/RS_Main/:zscript/monsters/revenant/rs_revenant.zs, line 1026: Deprecated flag 'MISSILEMORE' used, deprecated since 4.13.0
E:/RS_Main/:zscript/monsters/revenant/rs_revenant.zs, line 1161: Deprecated flag 'MISSILEMORE' used, deprecated since 4.13.0
E:/RS_Main/:zscript/monsters/revenant/rs_revenant.zs, line 1327: Deprecated flag 'MISSILEMORE' used, deprecated since 4.13.0
E:/RS_Main/:zscript/monsters/revenant/rs_revenant.zs, line 1328: Deprecated flag 'MISSILEEVENMORE' used, deprecated since 4.13.0
E:/RS_Main/:zscript/monsters/revenant/rs_revenant.zs, line 1508: Deprecated flag 'MISSILEMORE' used, deprecated since 4.13.0
E:/RS_Main/:zscript/monsters/revenant/rs_revenant.zs, line 1509: Deprecated flag 'MISSILEEVENMORE' used, deprecated since 4.13.0
E:/RS_Main/:zscript/monsters/revenant/rs_revenant.zs, line 1595: Deprecated flag 'MISSILEMORE' used, deprecated since 4.13.0
E:/RS_Main/:zscript/monsters/revenant/rs_revenant.zs, line 1812: Deprecated flag 'MISSILEMORE' used, deprecated since 4.13.0
E:/RS_Main/:zscript/monsters/revenant/rs_revenant.zs, line 1978: Deprecated flag 'MISSILEMORE' used, deprecated since 4.13.0
E:/RS_Main/:zscript/monsters/revenant/rs_revenant.zs, line 2144: Deprecated flag 'MISSILEMORE' used, deprecated since 4.13.0
E:/RS_Main/:zscript/monsters/revenant/rs_revenant.zs, line 2145: Deprecated flag 'MISSILEEVENMORE' used, deprecated since 4.13.0
E:/RS_Main/:zscript/monsters/revenant/rs_revenant.zs, line 2266: Deprecated flag 'MISSILEMORE' used, deprecated since 4.13.0
E:/RS_Main/:zscript/monsters/revenant/rs_revenant.zs, line 2482: Deprecated flag 'MISSILEMORE' used, deprecated since 4.13.0
E:/RS_Main/:zscript/monsters/revenant/rs_revenant.zs, line 2571: Deprecated flag 'MISSILEMORE' used, deprecated since 4.13.0
E:/RS_Main/:zscript/monsters/revenant/rs_revenant.zs, line 2573: Deprecated flag 'MISSILEEVENMORE' used, deprecated since 4.13.0
E:/RS_Main/:zscript/monsters/revenant/rs_revenant.zs, line 2715: Deprecated flag 'MISSILEMORE' used, deprecated since 4.13.0
E:/RS_Main/:zscript/monsters/fatso/rs_fatso.zs, line 404: Deprecated flag 'MISSILEMORE' used, deprecated since 4.13.0
E:/RS_Main/:zscript/monsters/fatso/rs_fatso.zs, line 542: Deprecated flag 'MISSILEMORE' used, deprecated since 4.13.0
E:/RS_Main/:zscript/monsters/fatso/rs_fatso.zs, line 654: Deprecated flag 'MISSILEMORE' used, deprecated since 4.13.0
E:/RS_Main/:zscript/monsters/fatso/rs_fatso.zs, line 1534: Deprecated flag 'MISSILEMORE' used, deprecated since 4.13.0
E:/RS_Main/:zscript/monsters/fatso/rs_fatso.zs, line 1677: Deprecated flag 'MISSILEMORE' used, deprecated since 4.13.0
E:/RS_Main/:zscript/monsters/fatso/rs_fatso.zs, line 1934: Deprecated flag 'MISSILEMORE' used, deprecated since 4.13.0
E:/RS_Main/:zscript/monsters/fatso/rs_fatso.zs, line 2152: Deprecated flag 'MISSILEMORE' used, deprecated since 4.13.0
E:/RS_Main/:zscript/monsters/spider/rs_spider.zs, line 330: Deprecated flag 'MISSILEMORE' used, deprecated since 4.13.0
E:/RS_Main/:zscript/monsters/spider/rs_spider.zs, line 446: Deprecated flag 'MISSILEMORE' used, deprecated since 4.13.0
E:/RS_Main/:zscript/monsters/spider/rs_spider.zs, line 559: Deprecated flag 'MISSILEMORE' used, deprecated since 4.13.0
E:/RS_Main/:zscript/monsters/spider/rs_spider.zs, line 668: Deprecated flag 'MISSILEMORE' used, deprecated since 4.13.0
E:/RS_Main/:zscript/monsters/spider/rs_spider.zs, line 821: Deprecated flag 'MISSILEMORE' used, deprecated since 4.13.0
E:/RS_Main/:zscript/monsters/spider/rs_spider.zs, line 823: Deprecated flag 'MISSILEEVENMORE' used, deprecated since 4.13.0
E:/RS_Main/:zscript/monsters/spider/rs_spider.zs, line 944: Deprecated flag 'MISSILEMORE' used, deprecated since 4.13.0
E:/RS_Main/:zscript/monsters/spider/rs_spider.zs, line 1074: Deprecated flag 'MISSILEMORE' used, deprecated since 4.13.0
E:/RS_Main/:zscript/monsters/spider/rs_spider.zs, line 1208: Deprecated flag 'MISSILEMORE' used, deprecated since 4.13.0
E:/RS_Main/:zscript/monsters/spider/rs_spider.zs, line 1360: Deprecated flag 'MISSILEMORE' used, deprecated since 4.13.0
E:/RS_Main/:zscript/monsters/spider/rs_spider.zs, line 1517: Deprecated flag 'MISSILEMORE' used, deprecated since 4.13.0
E:/RS_Main/:zscript/monsters/spider/rs_spider.zs, line 1738: Deprecated flag 'MISSILEMORE' used, deprecated since 4.13.0
E:/RS_Main/:zscript/monsters/spider/rs_spider.zs, line 1740: Deprecated flag 'MISSILEEVENMORE' used, deprecated since 4.13.0
E:/RS_Main/:zscript/monsters/spider/rs_spider.zs, line 1894: Deprecated flag 'MISSILEMORE' used, deprecated since 4.13.0
E:/RS_Main/:zscript/monsters/spider/rs_spider.zs, line 1896: Deprecated flag 'MISSILEEVENMORE' used, deprecated since 4.13.0
E:/RS_Main/:zscript/monsters/spider/rs_spider.zs, line 2190: Deprecated flag 'MISSILEMORE' used, deprecated since 4.13.0
E:/RS_Main/:zscript/monsters/spider/rs_spider.zs, line 2498: Deprecated flag 'MISSILEMORE' used, deprecated since 4.13.0
E:/RS_Main/:zscript/monsters/spider/rs_spider.zs, line 2499: Deprecated flag 'MISSILEEVENMORE' used, deprecated since 4.13.0
E:/RS_Main/:zscript/monsters/spider/rs_spider.zs, line 2606: Deprecated flag 'MISSILEMORE' used, deprecated since 4.13.0
E:/RS_Main/:zscript/monsters/spider/rs_spider.zs, line 2607: Deprecated flag 'MISSILEEVENMORE' used, deprecated since 4.13.0
E:/RS_Main/:zscript/monsters/spider/rs_spider.zs, line 2693: Deprecated flag 'MISSILEMORE' used, deprecated since 4.13.0
E:/RS_Main/:zscript/monsters/spider/rs_spider.zs, line 2694: Deprecated flag 'MISSILEEVENMORE' used, deprecated since 4.13.0
E:/RS_Main/:zscript/monsters/spider/rs_spider.zs, line 2763: Deprecated flag 'MISSILEMORE' used, deprecated since 4.13.0
E:/RS_Main/:zscript/monsters/spider/rs_spider.zs, line 2764: Deprecated flag 'MISSILEEVENMORE' used, deprecated since 4.13.0
E:/RS_Main/:zscript/monsters/archvile/rs_archvilefx.zs, line 140: Deprecated flag 'MISSILEMORE' used, deprecated since 4.13.0
E:/RS_Main/:zscript/monsters/archvile/rs_archvilefx.zs, line 141: Deprecated flag 'MISSILEEVENMORE' used, deprecated since 4.13.0
E:/RS_Main/:zscript/monsters/archvile/rs_archvilefx.zs, line 1248: Deprecated flag 'MISSILEEVENMORE' used, deprecated since 4.13.0
E:/RS_Main/:zscript/monsters/archvile/rs_archvilefx.zs, line 1828: Deprecated flag 'MISSILEMORE' used, deprecated since 4.13.0
E:/RS_Main/:zscript/monsters/archvile/rs_archvilefx.zs, line 2734: Deprecated flag 'MISSILEMORE' used, deprecated since 4.13.0
E:/RS_Main/:zscript/monsters/archvile/rs_archvilefx.zs, line 2735: Deprecated flag 'MISSILEEVENMORE' used, deprecated since 4.13.0
E:/RS_Main/:zscript/monsters/archvile/rs_archvile.zs, line 465: Deprecated flag 'MISSILEMORE' used, deprecated since 4.13.0
E:/RS_Main/:zscript/monsters/archvile/rs_archvile.zs, line 1672: Deprecated flag 'MISSILEMORE' used, deprecated since 4.13.0
E:/RS_Main/:zscript/monsters/archvile/rs_archvile.zs, line 1801: Deprecated flag 'MISSILEMORE' used, deprecated since 4.13.0
E:/RS_Main/:zscript/monsters/cyberdemon/rs_cyberdemon.zs, line 331: Deprecated flag 'MISSILEMORE' used, deprecated since 4.13.0
E:/RS_Main/:zscript/monsters/cyberdemon/rs_cyberdemon.zs, line 500: Deprecated flag 'MISSILEMORE' used, deprecated since 4.13.0
E:/RS_Main/:zscript/monsters/cyberdemon/rs_cyberdemon.zs, line 652: Deprecated flag 'MISSILEMORE' used, deprecated since 4.13.0
E:/RS_Main/:zscript/monsters/cyberdemon/rs_cyberdemon.zs, line 853: Deprecated flag 'MISSILEMORE' used, deprecated since 4.13.0
E:/RS_Main/:zscript/monsters/cyberdemon/rs_cyberdemon.zs, line 974: Deprecated flag 'MISSILEMORE' used, deprecated since 4.13.0
E:/RS_Main/:zscript/monsters/cyberdemon/rs_cyberdemon.zs, line 1104: Deprecated flag 'MISSILEMORE' used, deprecated since 4.13.0
E:/RS_Main/:zscript/monsters/cyberdemon/rs_cyberdemon.zs, line 1203: Deprecated flag 'MISSILEMORE' used, deprecated since 4.13.0
E:/RS_Main/:zscript/monsters/cyberdemon/rs_cyberdemon.zs, line 1293: Deprecated flag 'MISSILEMORE' used, deprecated since 4.13.0
E:/RS_Main/:zscript/monsters/cyberdemon/rs_cyberdemon.zs, line 1430: Deprecated flag 'MISSILEMORE' used, deprecated since 4.13.0
E:/RS_Main/:zscript/monsters/cyberdemon/rs_cyberdemon.zs, line 1474: Deprecated flag 'MISSILEMORE' used, deprecated since 4.13.0
E:/RS_Main/:zscript/monsters/cyberdemon/rs_cyberdemon.zs, line 1634: Deprecated flag 'MISSILEMORE' used, deprecated since 4.13.0
E:/RS_Main/:zscript/monsters/cyberdemon/rs_cyberdemon.zs, line 1772: Deprecated flag 'MISSILEMORE' used, deprecated since 4.13.0
E:/RS_Main/:zscript/monsters/cyberdemon/rs_cyberdemon.zs, line 2004: Deprecated flag 'MISSILEMORE' used, deprecated since 4.13.0
E:/RS_Main/:zscript/monsters/cyberdemon/rs_cyberdemon.zs, line 2081: Deprecated flag 'MISSILEEVENMORE' used, deprecated since 4.13.0
E:/RS_Main/:zscript/monsters/cyberdemon/rs_cyberdemon.zs, line 2420: Deprecated flag 'MISSILEEVENMORE' used, deprecated since 4.13.0
E:/RS_Main/:zscript/monsters/mastermind/rs_mastermind.zs, line 466: Deprecated flag 'MISSILEMORE' used, deprecated since 4.13.0
E:/RS_Main/:zscript/monsters/mastermind/rs_mastermind.zs, line 695: Deprecated flag 'MISSILEMORE' used, deprecated since 4.13.0
E:/RS_Main/:zscript/monsters/mastermind/rs_mastermind.zs, line 896: Deprecated flag 'MISSILEMORE' used, deprecated since 4.13.0
E:/RS_Main/:zscript/monsters/mastermind/rs_mastermind.zs, line 1155: Deprecated flag 'MISSILEMORE' used, deprecated since 4.13.0
E:/RS_Main/:zscript/monsters/mastermind/rs_mastermind.zs, line 1321: Deprecated flag 'MISSILEMORE' used, deprecated since 4.13.0
E:/RS_Main/:zscript/monsters/mastermind/rs_mastermind.zs, line 1445: Deprecated flag 'MISSILEMORE' used, deprecated since 4.13.0
E:/RS_Main/:zscript/monsters/mastermind/rs_mastermind.zs, line 1568: Deprecated flag 'MISSILEMORE' used, deprecated since 4.13.0
E:/RS_Main/:zscript/monsters/mastermind/rs_mastermind.zs, line 1573: Deprecated flag 'MISSILEEVENMORE' used, deprecated since 4.13.0
E:/RS_Main/:zscript/monsters/mastermind/rs_mastermind.zs, line 1688: Deprecated flag 'MISSILEMORE' used, deprecated since 4.13.0
E:/RS_Main/:zscript/monsters/mastermind/rs_mastermind.zs, line 1689: Deprecated flag 'MISSILEEVENMORE' used, deprecated since 4.13.0
E:/RS_Main/:zscript/monsters/mastermind/rs_mastermind.zs, line 1741: Deprecated flag 'MISSILEMORE' used, deprecated since 4.13.0
E:/RS_Main/:zscript/monsters/mastermind/rs_mastermind.zs, line 1906: Deprecated flag 'MISSILEMORE' used, deprecated since 4.13.0
E:/RS_Main/:zscript/monsters/mastermind/rs_mastermind.zs, line 2108: Deprecated flag 'MISSILEMORE' used, deprecated since 4.13.0
E:/RS_Main/:zscript/monsters/mastermind/rs_mastermind.zs, line 2361: Deprecated flag 'MISSILEMORE' used, deprecated since 4.13.0
E:/RS_Main/:zscript/monsters/mastermind/rs_mastermind.zs, line 2639: Deprecated flag 'MISSILEEVENMORE' used, deprecated since 4.13.0
E:/RS_Main/:zscript/monsters/mastermind/rs_mastermind.zs, line 2688: Deprecated flag 'MISSILEMORE' used, deprecated since 4.13.0
E:/RS_Main/:zscript/monsters/mastermind/rs_mastermind.zs, line 2960: Deprecated flag 'MISSILEMORE' used, deprecated since 4.13.0
E:/RS_Main/:zscript/systems/ui/rs_wheelinfo.zs, line 43: Attempt to override non-existent virtual function GetVRWheelInfo
Script error, "E:/RS_Main/:zscript/systems/ui/rs_billboard.zs" line 137:
BBF_FIXED is not a member of LevelLocals
Script error, "E:/RS_Main/:zscript/systems/ui/rs_billboard.zs" line 188:
BBF_FIXED is not a member of LevelLocals
Script error, "E:/RS_Main/:zscript/systems/ui/rs_billboard.zs" line 189:
BBFL_FOLLOWANGLE is not a member of LevelLocals
Script error, "E:/RS_Main/:zscript/systems/ui/rs_billboard.zs" line 215:
BBF_FIXED is not a member of LevelLocals
